🖼 首帧 (1280, 720), JPEG 300KB → base64 400KB
🎬 提交任务 (seedance-2.0, 16:9 1080P 10s)...
📋 任务 ID: 9d487979-eac7-4d71-b312-b91f8a2b192a
⏳ RUNNING，已等待 0s
⏳ RUNNING，已等待 20s
⏳ RUNNING，已等待 41s
⏳ RUNNING，已等待 62s
⏳ RUNNING，已等待 83s
⏳ RUNNING，已等待 104s
⏳ RUNNING，已等待 126s
⏳ RUNNING，已等待 147s
⏳ RUNNING，已等待 167s
⏳ RUNNING，已等待 188s
⏳ RUNNING，已等待 209s
⏳ RUNNING，已等待 231s
⏳ RUNNING，已等待 252s
⏳ RUNNING，已等待 272s
⏳ RUNNING，已等待 293s
⏳ RUNNING，已等待 314s
⏳ RUNNING，已等待 334s
⏳ RUNNING，已等待 356s
⏳ RUNNING，已等待 376s
✓ 生成完成（398s）
⬇ 下载: https://dashscope-463f.oss-accelerate.aliyuncs.com/1d/69/20260619/3419032b/44920145-metadata_video_1080p_9d487979-eac7-4d71-b312-b91f8a2b192a_refiner.mp4?Expires=1781928987&OSSAccessKeyId=LTAI5t6ybWkD6u9sDryNkdo6&Signature=1T0TtrzcaNYOmQv8u8EtoFvO8yY%3D
✓ 已保存: D:/zed horse/dragon_race.mp4
