🖼 首帧 (1280, 720), JPEG 300KB → base64 400KB
🎬 提交任务 (seedance-2.0, 16:9 1080P 15s)...
📋 任务 ID: d54e8dac-0f64-4238-95bf-5e424dd065da
⏳ RUNNING，已等待 0s
⏳ RUNNING，已等待 21s
⏳ RUNNING，已等待 41s
⏳ RUNNING，已等待 62s
⏳ RUNNING，已等待 83s
⏳ RUNNING，已等待 104s
⏳ RUNNING，已等待 125s
⏳ RUNNING，已等待 146s
⏳ RUNNING，已等待 167s
⏳ RUNNING，已等待 187s
⏳ RUNNING，已等待 209s
⏳ RUNNING，已等待 229s
⏳ RUNNING，已等待 250s
⏳ RUNNING，已等待 271s
⏳ RUNNING，已等待 292s
⏳ RUNNING，已等待 313s
⏳ RUNNING，已等待 334s
⏳ RUNNING，已等待 355s
⏳ RUNNING，已等待 376s
⏳ RUNNING，已等待 397s
⏳ RUNNING，已等待 418s
⏳ RUNNING，已等待 439s
⏳ RUNNING，已等待 460s
⏳ RUNNING，已等待 481s
⏳ RUNNING，已等待 501s
⏳ RUNNING，已等待 522s
⏳ RUNNING，已等待 542s
⏳ RUNNING，已等待 563s
⏳ RUNNING，已等待 584s
⏳ RUNNING，已等待 605s
⏳ RUNNING，已等待 626s
⏳ RUNNING，已等待 646s
⏳ RUNNING，已等待 668s
⏳ RUNNING，已等待 688s
⏳ RUNNING，已等待 709s
⏳ RUNNING，已等待 730s
⏳ RUNNING，已等待 751s
⏳ RUNNING，已等待 771s
⏳ RUNNING，已等待 792s
✓ 生成完成（813s）
⬇ 下载: https://dashscope-463f.oss-accelerate.aliyuncs.com/1d/08/20260619/3419032b/30572676-metadata_video_1080p_d54e8dac-0f64-4238-95bf-5e424dd065da_refiner.mp4?Expires=1781930602&OSSAccessKeyId=LTAI5t6ybWkD6u9sDryNkdo6&Signature=en4wJ4QnE925yb0XiBxaq7u%2Bcqk%3D
✓ 已保存: D:/zed horse/dragon_turn.mp4
